// Jest Snapshot v1, https://goo.gl/fbAQLP

exports[`<CustomHeader /> renders correctly 1`] = `
<View
  style={
    {
      "alignItems": "center",
      "backgroundColor": "#FAFAFA",
      "elevation": 5,
      "flexDirection": "row",
      "height": 56,
      "justifyContent": "space-between",
      "paddingHorizontal": 16,
      "shadowColor": "#212121",
      "shadowOffset": {
        "height": 2,
        "width": 0,
      },
      "shadowOpacity": 0.25,
      "shadowRadius": 3.84,
    }
  }
>
  <View
    style={
      {
        "flexDirection": "row",
      }
    }
  >
    Icon
    <Text
      style={
        {
          "color": "#212121",
          "fontSize": 20,
          "fontWeight": "500",
        }
      }
    >
      Home
    </Text>
  </View>
</View>
`;
